 
****************************************
Report : area
Design : CPU
Version: S-2021.06-SP4
Date   : Wed Oct 18 21:01:51 2023
****************************************

Library(s) Used:

    NangateOpenCellLibrary (File: /home/mariagrazia.graziano/do/libnangate/NangateOpenCellLibrary_typical_ecsm.db)

Number of ports:                         4781
Number of nets:                         15770
Number of cells:                        10438
Number of combinational cells:           7909
Number of sequential cells:              2300
Number of macros/black boxes:               0
Number of buf/inv:                       2311
Number of references:                       3

Combinational area:               8752.198124
Buf/Inv area:                     1476.299987
Noncombinational area:           10389.693676
Macro/Black Box area:                0.000000
Net Interconnect area:      undefined  (Wire load has zero net area)

Total cell area:                 19141.891799
Total area:                 undefined
1
